// Jest Snapshot v1, https://goo.gl/fbAQLP

exports[`Unit tests For Arrow  Should render correctly 1`] = `
<div
  className="blabla"
>
  test
</div>
`;
