// Jest Snapshot v1, https://goo.gl/fbAQLP

exports[`Unit test on <Button /> should Render correctly 1`] = `
<button
  className="sc-bdnylx fCQhGE btn btn-primary"
  disabled={false}
  onClick={[MockFunction]}
  type="button"
/>
`;
